
> customer-app@1.0.0 test
> jest

node.exe : PASS src/sto
res/__tests__/useBookin
gStore.test.js
At C:\Program Files\nod
ejs\npm.ps1:29 char:3
+   & $NODE_EXE 
$NPM_CLI_JS $args
+   ~~~~~~~~~~~~~~~~~~~
~~~~~~~~~~
    + CategoryInfo     
         : NotSpecifi  
  ed: (PASS src/stor   
 es...ngStore.test.    
js:String) [], Rem    
oteException
    + FullyQualifiedEr 
   rorId : NativeComm  
  andError
 
PASS src/services/__tes
ts__/salon.service.test
.js
PASS src/stores/__tests
__/useAuthStore.test.js
PASS src/services/__tes
ts__/booking.service.te
st.js
PASS src/services/__tes
ts__/auth.service.test.
js

Test Suites: 5 passed, 
5 total
Tests:       21 
passed, 21 total
Snapshots:   0 total
Time:        2.645 s, 
estimated 4 s
Ran all test suites.
